2025/03/04 14:11:18 &{Wrong proxy url Get "https://emex.ru/api/search/search?detailNum=92101H5000&locationId=27269": context deadline exceeded }
2025/03/04 14:24:00 &{Wrong proxy url Get "https://emex.ru/api/search/search?detailNum=924014X000&locationId=32492": context deadline exceeded }
2025/03/04 14:24:08 &{Wrong proxy url Get "https://emex.ru/api/search/search?detailNum=260106223R&locationId=38900": context deadline exceeded }
2025/03/04 14:24:11 &{Wrong proxy url Get "https://emex.ru/api/search/search?detailNum=21900510104070&locationId=32452": context deadline exceeded }
2025/03/04 14:24:15 &{Wrong proxy url Get "https://emex.ru/api/search/search?detailNum=21100840101400&locationId=38920": context deadline exceeded }
2025/03/04 14:24:18 &{Wrong proxy url Get "https://emex.ru/api/search/search?detailNum=71503H5C00&locationId=29629": context deadline exceeded }
2025/03/04 14:24:22 &{Wrong proxy url Get "https://emex.ru/api/search/search?detailNum=850224AA0H&locationId=32122": context deadline exceeded }
2025/03/04 14:24:34 &{Wrong proxy url Get "https://emex.ru/api/search/search?detailNum=8450103788&locationId=33728": context deadline exceeded }
2025/03/04 14:24:38 &{Wrong proxy url Get "https://emex.ru/api/search/search?detailNum=66321F9000&locationId=28928": context deadline exceeded }
2025/03/04 14:24:42 &{Wrong proxy url Get "https://emex.ru/api/search/search?detailNum=92102H5000&locationId=38754": context deadline exceeded }
2025/03/04 14:24:45 &{Wrong proxy url Get "https://emex.ru/api/search/search?detailNum=64101H5000&locationId=32122": context deadline exceeded }
2025/03/04 14:24:49 &{Wrong proxy url Get "https://emex.ru/api/search/search?detailNum=8450110500&locationId=38920": context deadline exceeded }
2025/03/04 14:24:52 &{Wrong proxy url Get "https://emex.ru/api/search/search?detailNum=21700560306200&locationId=36383": context deadline exceeded }
2025/03/04 14:25:00 &{Wrong proxy url Get "https://emex.ru/api/search/search?detailNum=6001549907&locationId=32452": context deadline exceeded }
2025/03/04 14:25:03 &{Wrong proxy url Get "https://emex.ru/api/search/search?detailNum=620228143R&locationId=36383": context deadline exceeded }
2025/03/04 14:25:11 &{Wrong proxy url Get "https://emex.ru/api/search/search?detailNum=529604Y000&locationId=31231": context deadline exceeded }
2025/03/04 14:25:14 &{Wrong proxy url Get "https://emex.ru/api/search/search?detailNum=86630M0000&locationId=32492": context deadline exceeded }
2025/03/04 14:25:17 &{Wrong proxy url Get "https://emex.ru/api/search/search?detailNum=11180131101000&locationId=32492": context deadline exceeded }
2025/03/04 14:25:20 &{Wrong proxy url Get "https://emex.ru/api/search/search?detailNum=1209177&locationId=36383": context deadline exceeded }
2025/03/04 14:25:40 &{Wrong proxy url Get "https://emex.ru/api/search/search?detailNum=21140840336200&locationId=38920": context deadline exceeded }
2025/03/04 14:25:42 &{Wrong proxy url Get "https://emex.ru/api/search/search?detailNum=602000932AAZC&locationId=28928": context deadline exceeded }
2025/03/04 14:25:45 &{Wrong proxy url Get "https://emex.ru/api/search/search?detailNum=69100H0000&locationId=29629": context deadline exceeded }
2025/03/04 14:25:47 &{Wrong proxy url Get "https://emex.ru/api/search/search?detailNum=6R0805931A&locationId=31231": context deadline exceeded }
2025/03/04 14:26:08 &{Wrong proxy url Get "https://emex.ru/api/search/search?detailNum=8200074008&locationId=32492": context deadline exceeded }
2025/03/04 14:28:32 &{Wrong proxy url Get "https://emex.ru/api/search/search?detailNum=521590R915&locationId=28928": context deadline exceeded }
